package example

import "github.com/wego/pkg/iso/site"

func siteChecks() {
	// Comparisons
	var code string
	if code == site.SG { // want `use site\.SG instead of "SG"`
		println("match")
	}
	if site.US == code { // want `use site\.US instead of "US"`
		println("match")
	}
	if code != site.JP { // want `use site\.JP instead of "JP"`
		println("no match")
	}

	// Assignments
	x := site.GB // want `use site\.GB instead of "GB"`
	_ = x

	// Switch/case
	switch code {
	case site.TH: // want `use site\.TH instead of "TH"`
		println("thailand")
	case site.VN: // want `use site\.VN instead of "VN"`
		println("vietnam")
	}

	// Function arguments
	println(site.AE) // want `use site\.AE instead of "AE"`

	// Map keys
	m := map[string]int{
		site.AU: 1, // want `use site\.AU instead of "AU"`
		site.NZ: 2, // want `use site\.NZ instead of "NZ"`
	}
	_ = m[site.CA] // want `use site\.CA instead of "CA"`

	// Slice literals
	codes := []string{
		site.MY, // want `use site\.MY instead of "MY"`
		site.PH, // want `use site\.PH instead of "PH"`
	}
	_ = codes

	// Struct fields
	type config struct {
		Site string
	}
	c := config{Site: site.IN} // want `use site\.IN instead of "IN"`
	_ = c

	// Return values
	_ = getSite()
}

func getSite() string {
	return site.HK // want `use site\.HK instead of "HK"`
}

func lowercaseAndMixedCaseSite() {
	// Lowercase is not flagged — only uppercase is linted
	_ = "sg"
	_ = "us"

	// Mixed case is not flagged
	_ = "Sg"
}

// Ensure site package is used (for compilation)
var _ = site.SG
