package example

import wegostrings "github.com/wego/pkg/strings"

func pointerChecks(ptr *string) {
	// These should trigger warnings with P-suffix functions
	if wegostrings.IsEmptyP(ptr) { // want `use wegostrings.IsEmptyP\(ptr\) instead of direct comparison`
		println("ptr empty")
	}

	if wegostrings.IsNotEmptyP(ptr) { // want `use wegostrings.IsNotEmptyP\(ptr\) instead of direct comparison`
		println("ptr not empty")
	}

	if wegostrings.IsEmptyP(ptr) { // want `use wegostrings.IsEmptyP\(ptr\) instead of direct comparison`
		println("ptr empty reversed")
	}
}

// Ensure wegostrings package is used (for golden file)
var _ = wegostrings.IsEmptyP
